# serializer version: 1
# name: test_v1_covered_calls_contract
  dict({
    'data': list([
      dict({
        'contract': 'GOOS251107C00014500',
        'current_price': 14.15,
        'exchange': 0,
        'expiry_date': '2025-11-07',
        'strike_price': 14.5,
        'ticker': 'GOOS',
        'updated_at': '2026-01-06T21:02:20.600776+00:00',
      }),
      dict({
        'contract': 'KSS251107C00018000',
        'current_price': 17.54,
        'exchange': 0,
        'expiry_date': '2025-11-07',
        'strike_price': 18.0,
        'ticker': 'KSS',
        'updated_at': '2026-01-06T21:02:20.600789+00:00',
      }),
      dict({
        'contract': 'AES251114C00014500',
        'current_price': 14.22,
        'exchange': 0,
        'expiry_date': '2025-11-14',
        'strike_price': 14.5,
        'ticker': 'AES',
        'updated_at': '2026-01-06T21:02:20.600861+00:00',
      }),
      dict({
        'contract': 'GOOS251114C00015000',
        'current_price': 14.15,
        'exchange': 0,
        'expiry_date': '2025-11-14',
        'strike_price': 15.0,
        'ticker': 'GOOS',
        'updated_at': '2026-01-06T21:02:20.600885+00:00',
      }),
      dict({
        'contract': 'KSS251114C00018000',
        'current_price': 17.54,
        'exchange': 0,
        'expiry_date': '2025-11-14',
        'strike_price': 18.0,
        'ticker': 'KSS',
        'updated_at': '2026-01-06T21:02:20.600684+00:00',
      }),
      dict({
        'contract': 'KSS251114C00018500',
        'current_price': 17.54,
        'exchange': 0,
        'expiry_date': '2025-11-14',
        'strike_price': 18.5,
        'ticker': 'KSS',
        'updated_at': '2026-01-06T21:02:20.600824+00:00',
      }),
      dict({
        'contract': 'KSS251114C00019000',
        'current_price': 17.54,
        'exchange': 0,
        'expiry_date': '2025-11-14',
        'strike_price': 19.0,
        'ticker': 'KSS',
        'updated_at': '2026-01-06T21:02:20.600846+00:00',
      }),
      dict({
        'contract': 'KSS251114C00020000',
        'current_price': 17.54,
        'exchange': 0,
        'expiry_date': '2025-11-14',
        'strike_price': 20.0,
        'ticker': 'KSS',
        'updated_at': '2026-01-06T21:02:20.600909+00:00',
      }),
      dict({
        'contract': 'NIO251114C00007500',
        'current_price': 7.29,
        'exchange': 0,
        'expiry_date': '2025-11-14',
        'strike_price': 7.5,
        'ticker': 'NIO',
        'updated_at': '2026-01-06T21:02:20.600759+00:00',
      }),
      dict({
        'contract': 'NU251114C00016500',
        'current_price': 16.17,
        'exchange': 0,
        'expiry_date': '2025-11-14',
        'strike_price': 16.5,
        'ticker': 'NU',
        'updated_at': '2026-01-06T21:02:20.600737+00:00',
      }),
      dict({
        'contract': 'NU251114C00017000',
        'current_price': 16.17,
        'exchange': 0,
        'expiry_date': '2025-11-14',
        'strike_price': 17.0,
        'ticker': 'NU',
        'updated_at': '2026-01-06T21:02:20.600811+00:00',
      }),
      dict({
        'contract': 'NU251114C00017500',
        'current_price': 16.17,
        'exchange': 0,
        'expiry_date': '2025-11-14',
        'strike_price': 17.5,
        'ticker': 'NU',
        'updated_at': '2026-01-06T21:02:20.600897+00:00',
      }),
      dict({
        'contract': 'TEVA251114C00025000',
        'current_price': 24.6,
        'exchange': 0,
        'expiry_date': '2025-11-14',
        'strike_price': 25.0,
        'ticker': 'TEVA',
        'updated_at': '2026-01-06T21:02:20.600920+00:00',
      }),
      dict({
        'contract': 'VFC251114C00015000',
        'current_price': 14.78,
        'exchange': 0,
        'expiry_date': '2025-11-14',
        'strike_price': 15.0,
        'ticker': 'VFC',
        'updated_at': '2026-01-06T21:02:20.600874+00:00',
      }),
    ]),
    'error': None,
    'meta': dict({
      'pagination': None,
      'request_id': '4cc758b1-e439-43be-852e-79c38c65e6f7',
      'timestamp': '2026-04-06T16:24:54.826258+00:00',
      'version': 'v1',
    }),
    'success': True,
  })
# ---
# name: test_v1_put_options_contract
  dict({
    'data': list([
      dict({
        'contract': 'LUNR251212P00010500',
        'current_price': 11.2597,
        'exchange': 1,
        'expiry_date': '2025-12-12',
        'strike_price': 10.5,
        'ticker': 'LUNR',
        'updated_at': '2026-01-06T21:03:00.082804+00:00',
      }),
      dict({
        'contract': 'LUNR251212P00011000',
        'current_price': 11.2597,
        'exchange': 1,
        'expiry_date': '2025-12-12',
        'strike_price': 11.0,
        'ticker': 'LUNR',
        'updated_at': '2026-01-06T21:03:00.082499+00:00',
      }),
      dict({
        'contract': 'LYFT251212P00022000',
        'current_price': 22.275,
        'exchange': 1,
        'expiry_date': '2025-12-12',
        'strike_price': 22.0,
        'ticker': 'LYFT',
        'updated_at': '2026-01-06T21:03:00.082917+00:00',
      }),
      dict({
        'contract': 'PSKY251212P00014000',
        'current_price': 14.2344,
        'exchange': 1,
        'expiry_date': '2025-12-12',
        'strike_price': 14.0,
        'ticker': 'PSKY',
        'updated_at': '2026-01-06T21:03:00.082632+00:00',
      }),
      dict({
        'contract': 'RIVN251212P00016500',
        'current_price': 17.555,
        'exchange': 1,
        'expiry_date': '2025-12-12',
        'strike_price': 16.5,
        'ticker': 'RIVN',
        'updated_at': '2026-01-06T21:03:00.082979+00:00',
      }),
      dict({
        'contract': 'RIVN251212P00017000',
        'current_price': 17.555,
        'exchange': 1,
        'expiry_date': '2025-12-12',
        'strike_price': 17.0,
        'ticker': 'RIVN',
        'updated_at': '2026-01-06T21:03:00.082672+00:00',
      }),
      dict({
        'contract': 'RIVN251212P00017500',
        'current_price': 17.555,
        'exchange': 1,
        'expiry_date': '2025-12-12',
        'strike_price': 17.5,
        'ticker': 'RIVN',
        'updated_at': '2026-01-06T21:03:00.082449+00:00',
      }),
      dict({
        'contract': 'RUN251212P00017500',
        'current_price': 18.575,
        'exchange': 1,
        'expiry_date': '2025-12-12',
        'strike_price': 17.5,
        'ticker': 'RUN',
        'updated_at': '2026-01-06T21:03:00.082855+00:00',
      }),
      dict({
        'contract': 'RUN251212P00018000',
        'current_price': 18.575,
        'exchange': 1,
        'expiry_date': '2025-12-12',
        'strike_price': 18.0,
        'ticker': 'RUN',
        'updated_at': '2026-01-06T21:03:00.082578+00:00',
      }),
      dict({
        'contract': 'RUN251212P00018500',
        'current_price': 18.575,
        'exchange': 1,
        'expiry_date': '2025-12-12',
        'strike_price': 18.5,
        'ticker': 'RUN',
        'updated_at': '2026-01-06T21:03:00.082332+00:00',
      }),
      dict({
        'contract': 'SRPT251212P00021500',
        'current_price': 22.17,
        'exchange': 1,
        'expiry_date': '2025-12-12',
        'strike_price': 21.5,
        'ticker': 'SRPT',
        'updated_at': '2026-01-06T21:03:00.082969+00:00',
      }),
      dict({
        'contract': 'WULF251212P00014000',
        'current_price': 14.83,
        'exchange': 1,
        'expiry_date': '2025-12-12',
        'strike_price': 14.0,
        'ticker': 'WULF',
        'updated_at': '2026-01-06T21:03:00.082874+00:00',
      }),
      dict({
        'contract': 'WULF251212P00014500',
        'current_price': 14.83,
        'exchange': 1,
        'expiry_date': '2025-12-12',
        'strike_price': 14.5,
        'ticker': 'WULF',
        'updated_at': '2026-01-06T21:03:00.082588+00:00',
      }),
      dict({
        'contract': 'AMRN251219P00011000',
        'current_price': 14.71,
        'exchange': 1,
        'expiry_date': '2025-12-19',
        'strike_price': 11.0,
        'ticker': 'AMRN',
        'updated_at': '2026-01-06T21:03:00.082263+00:00',
      }),
      dict({
        'contract': 'CCEC251219P00017500',
        'current_price': 20.795,
        'exchange': 1,
        'expiry_date': '2025-12-19',
        'strike_price': 17.5,
        'ticker': 'CCEC',
        'updated_at': '2026-01-06T21:03:00.082727+00:00',
      }),
      dict({
        'contract': 'CRCT251219P00005000',
        'current_price': 5.0275,
        'exchange': 1,
        'expiry_date': '2025-12-19',
        'strike_price': 5.0,
        'ticker': 'CRCT',
        'updated_at': '2026-01-06T21:03:00.082342+00:00',
      }),
      dict({
        'contract': 'CWBC251219P00015000',
        'current_price': 23.4,
        'exchange': 1,
        'expiry_date': '2025-12-19',
        'strike_price': 15.0,
        'ticker': 'CWBC',
        'updated_at': '2026-01-06T21:03:00.082741+00:00',
      }),
      dict({
        'contract': 'HBNC251219P00017500',
        'current_price': 17.6,
        'exchange': 1,
        'expiry_date': '2025-12-19',
        'strike_price': 17.5,
        'ticker': 'HBNC',
        'updated_at': '2026-01-06T21:03:00.082163+00:00',
      }),
      dict({
        'contract': 'HLIT251219P00010000',
        'current_price': 10.187,
        'exchange': 1,
        'expiry_date': '2025-12-19',
        'strike_price': 10.0,
        'ticker': 'HLIT',
        'updated_at': '2026-01-06T21:03:00.082489+00:00',
      }),
      dict({
        'contract': 'HNRG251219P00005000',
        'current_price': 21.435,
        'exchange': 1,
        'expiry_date': '2025-12-19',
        'strike_price': 5.0,
        'ticker': 'HNRG',
        'updated_at': '2026-01-06T21:03:00.082221+00:00',
      }),
      dict({
        'contract': 'HNRG251219P00011000',
        'current_price': 21.435,
        'exchange': 1,
        'expiry_date': '2025-12-19',
        'strike_price': 11.0,
        'ticker': 'HNRG',
        'updated_at': '2026-01-06T21:03:00.082091+00:00',
      }),
      dict({
        'contract': 'HNRG251219P00013000',
        'current_price': 21.435,
        'exchange': 1,
        'expiry_date': '2025-12-19',
        'strike_price': 13.0,
        'ticker': 'HNRG',
        'updated_at': '2026-01-06T21:03:00.082791+00:00',
      }),
      dict({
        'contract': 'HTBK251219P00010000',
        'current_price': 11.655,
        'exchange': 1,
        'expiry_date': '2025-12-19',
        'strike_price': 10.0,
        'ticker': 'HTBK',
        'updated_at': '2026-01-06T21:03:00.082186+00:00',
      }),
      dict({
        'contract': 'IRDM251219P00017500',
        'current_price': 17.5913,
        'exchange': 1,
        'expiry_date': '2025-12-19',
        'strike_price': 17.5,
        'ticker': 'IRDM',
        'updated_at': '2026-01-06T21:03:00.082429+00:00',
      }),
      dict({
        'contract': 'LI251219P00017000',
        'current_price': 17.165,
        'exchange': 1,
        'expiry_date': '2025-12-19',
        'strike_price': 17.0,
        'ticker': 'LI1',
        'updated_at': '2026-01-06T21:03:00.082949+00:00',
      }),
      dict({
        'contract': 'LOVE251219P00012500',
        'current_price': 13.55,
        'exchange': 1,
        'expiry_date': '2025-12-19',
        'strike_price': 12.5,
        'ticker': 'LOVE',
        'updated_at': '2026-01-06T21:03:00.082352+00:00',
      }),
      dict({
        'contract': 'LYFT251219P00021000',
        'current_price': 22.275,
        'exchange': 1,
        'expiry_date': '2025-12-19',
        'strike_price': 21.0,
        'ticker': 'LYFT',
        'updated_at': '2026-01-06T21:03:00.083043+00:00',
      }),
      dict({
        'contract': 'LYFT251219P00022000',
        'current_price': 22.275,
        'exchange': 1,
        'expiry_date': '2025-12-19',
        'strike_price': 22.0,
        'ticker': 'LYFT',
        'updated_at': '2026-01-06T21:03:00.082528+00:00',
      }),
      dict({
        'contract': 'MBLY251219P00011000',
        'current_price': 11.36,
        'exchange': 1,
        'expiry_date': '2025-12-19',
        'strike_price': 11.0,
        'ticker': 'MBLY',
        'updated_at': '2026-01-06T21:03:00.082652+00:00',
      }),
      dict({
        'contract': 'MPAA251219P00012500',
        'current_price': 13.4613,
        'exchange': 1,
        'expiry_date': '2025-12-19',
        'strike_price': 12.5,
        'ticker': 'MPAA',
        'updated_at': '2026-01-06T21:03:00.082029+00:00',
      }),
      dict({
        'contract': 'MXL251219P00006000',
        'current_price': 19.21,
        'exchange': 1,
        'expiry_date': '2025-12-19',
        'strike_price': 6.0,
        'ticker': 'MXL',
        'updated_at': '2026-01-06T21:03:00.082459+00:00',
      }),
      dict({
        'contract': 'MXL251219P00018000',
        'current_price': 19.21,
        'exchange': 1,
        'expiry_date': '2025-12-19',
        'strike_price': 18.0,
        'ticker': 'MXL',
        'updated_at': '2026-01-06T21:03:00.082113+00:00',
      }),
      dict({
        'contract': 'MXL251219P00019000',
        'current_price': 19.21,
        'exchange': 1,
        'expiry_date': '2025-12-19',
        'strike_price': 19.0,
        'ticker': 'MXL',
        'updated_at': '2026-01-06T21:03:00.082824+00:00',
      }),
      dict({
        'contract': 'NECB251219P00020000',
        'current_price': 22.7124,
        'exchange': 1,
        'expiry_date': '2025-12-19',
        'strike_price': 20.0,
        'ticker': 'NECB',
        'updated_at': '2026-01-06T21:03:00.083053+00:00',
      }),
      dict({
        'contract': 'NECB251219P00022300',
        'current_price': 22.7124,
        'exchange': 1,
        'expiry_date': '2025-12-19',
        'strike_price': 22.3,
        'ticker': 'NECB',
        'updated_at': '2026-01-06T21:03:00.082232+00:00',
      }),
      dict({
        'contract': 'NECB251219P00022500',
        'current_price': 22.7124,
        'exchange': 1,
        'expiry_date': '2025-12-19',
        'strike_price': 22.5,
        'ticker': 'NECB',
        'updated_at': '2026-01-06T21:03:00.082538+00:00',
      }),
      dict({
        'contract': 'NN251219P00015000',
        'current_price': 16.04,
        'exchange': 1,
        'expiry_date': '2025-12-19',
        'strike_price': 15.0,
        'ticker': 'NN1',
        'updated_at': '2026-01-06T21:03:00.082884+00:00',
      }),
      dict({
        'contract': 'NTSK251219P00020000',
        'current_price': 23.44,
        'exchange': 1,
        'expiry_date': '2025-12-19',
        'strike_price': 20.0,
        'ticker': 'NTSK',
        'updated_at': '2026-01-06T21:03:00.082662+00:00',
      }),
      dict({
        'contract': 'NTSK251219P00022500',
        'current_price': 23.44,
        'exchange': 1,
        'expiry_date': '2025-12-19',
        'strike_price': 22.5,
        'ticker': 'NTSK',
        'updated_at': '2026-01-06T21:03:00.082282+00:00',
      }),
      dict({
        'contract': 'OPEN251219P00006500',
        'current_price': 6.93,
        'exchange': 1,
        'expiry_date': '2025-12-19',
        'strike_price': 6.5,
        'ticker': 'OPEN',
        'updated_at': '2026-01-06T21:03:00.082439+00:00',
      }),
      dict({
        'contract': 'PASG251219P00002500',
        'current_price': 9.96,
        'exchange': 1,
        'expiry_date': '2025-12-19',
        'strike_price': 2.5,
        'ticker': 'PASG',
        'updated_at': '2026-01-06T21:03:00.082058+00:00',
      }),
      dict({
        'contract': 'PASG251219P00005000',
        'current_price': 9.96,
        'exchange': 1,
        'expiry_date': '2025-12-19',
        'strike_price': 5.0,
        'ticker': 'PASG',
        'updated_at': '2026-01-06T21:03:00.081957+00:00',
      }),
      dict({
        'contract': 'PASG251219P00007500',
        'current_price': 9.96,
        'exchange': 1,
        'expiry_date': '2025-12-19',
        'strike_price': 7.5,
        'ticker': 'PASG',
        'updated_at': '2026-01-06T21:03:00.082008+00:00',
      }),
      dict({
        'contract': 'PCRX251219P00015000',
        'current_price': 24.565,
        'exchange': 1,
        'expiry_date': '2025-12-19',
        'strike_price': 15.0,
        'ticker': 'PCRX',
        'updated_at': '2026-01-06T21:03:00.082469+00:00',
      }),
      dict({
        'contract': 'PLAY251219P00015000',
        'current_price': 17.54,
        'exchange': 1,
        'expiry_date': '2025-12-19',
        'strike_price': 15.0,
        'ticker': 'PLAY',
        'updated_at': '2026-01-06T21:03:00.082548+00:00',
      }),
      dict({
        'contract': 'PLAY251219P00016000',
        'current_price': 17.54,
        'exchange': 1,
        'expiry_date': '2025-12-19',
        'strike_price': 16.0,
        'ticker': 'PLAY',
        'updated_at': '2026-01-06T21:03:00.082242+00:00',
      }),
      dict({
        'contract': 'PLAY251219P00017000',
        'current_price': 17.54,
        'exchange': 1,
        'expiry_date': '2025-12-19',
        'strike_price': 17.0,
        'ticker': 'PLAY',
        'updated_at': '2026-01-06T21:03:00.082201+00:00',
      }),
      dict({
        'contract': 'PLCE251219P00007000',
        'current_price': 7.83,
        'exchange': 1,
        'expiry_date': '2025-12-19',
        'strike_price': 7.0,
        'ticker': 'PLCE',
        'updated_at': '2026-01-06T21:03:00.082292+00:00',
      }),
      dict({
        'contract': 'PSKY251219P00013500',
        'current_price': 14.2344,
        'exchange': 1,
        'expiry_date': '2025-12-19',
        'strike_price': 13.5,
        'ticker': 'PSKY',
        'updated_at': '2026-01-06T21:03:00.082781+00:00',
      }),
      dict({
        'contract': 'PTRN251219P00012500',
        'current_price': 12.59,
        'exchange': 1,
        'expiry_date': '2025-12-19',
        'strike_price': 12.5,
        'ticker': 'PTRN',
        'updated_at': '2026-01-06T21:03:00.082752+00:00',
      }),
    ]),
    'error': None,
    'meta': dict({
      'pagination': None,
      'request_id': '9628c7ed-1e0d-49ec-86b1-74aa11875089',
      'timestamp': '2026-04-06T16:24:54.853188+00:00',
      'version': 'v1',
    }),
    'success': True,
  })
# ---
# name: test_v1_spread_options_contract
  dict({
    'data': list([
      dict({
        'contract': 'ARKK251212C00084500',
        'current_price': 82.855,
        'exchange': 2,
        'expiry_date': '2025-12-12',
        'strike_price': 84.5,
        'ticker': 'ARKK',
        'updated_at': '2026-01-06T21:03:18.151325+00:00',
      }),
      dict({
        'contract': 'BOIL251212C00035000',
        'current_price': 33.1699,
        'exchange': 2,
        'expiry_date': '2025-12-12',
        'strike_price': 35.0,
        'ticker': 'BOIL',
        'updated_at': '2026-01-06T21:03:18.150667+00:00',
      }),
      dict({
        'contract': 'DPST251212C00103000',
        'current_price': 101.39,
        'exchange': 2,
        'expiry_date': '2025-12-12',
        'strike_price': 103.0,
        'ticker': 'DPST',
        'updated_at': '2026-01-06T21:03:18.150560+00:00',
      }),
      dict({
        'contract': 'DPST251212C00104000',
        'current_price': 101.39,
        'exchange': 2,
        'expiry_date': '2025-12-12',
        'strike_price': 104.0,
        'ticker': 'DPST',
        'updated_at': '2026-01-06T21:03:18.150657+00:00',
      }),
      dict({
        'contract': 'DPST251212C00105000',
        'current_price': 101.39,
        'exchange': 2,
        'expiry_date': '2025-12-12',
        'strike_price': 105.0,
        'ticker': 'DPST',
        'updated_at': '2026-01-06T21:03:18.150795+00:00',
      }),
      dict({
        'contract': 'DPST251212C00106000',
        'current_price': 101.39,
        'exchange': 2,
        'expiry_date': '2025-12-12',
        'strike_price': 106.0,
        'ticker': 'DPST',
        'updated_at': '2026-01-06T21:03:18.150978+00:00',
      }),
      dict({
        'contract': 'DPST251212C00107000',
        'current_price': 101.39,
        'exchange': 2,
        'expiry_date': '2025-12-12',
        'strike_price': 107.0,
        'ticker': 'DPST',
        'updated_at': '2026-01-06T21:03:18.151125+00:00',
      }),
      dict({
        'contract': 'DPST251212C00108000',
        'current_price': 101.39,
        'exchange': 2,
        'expiry_date': '2025-12-12',
        'strike_price': 108.0,
        'ticker': 'DPST',
        'updated_at': '2026-01-06T21:03:18.151335+00:00',
      }),
      dict({
        'contract': 'GDX251212C00084000',
        'current_price': 81.6925,
        'exchange': 2,
        'expiry_date': '2025-12-12',
        'strike_price': 84.0,
        'ticker': 'GDX',
        'updated_at': '2026-01-06T21:03:18.151385+00:00',
      }),
      dict({
        'contract': 'GDXJ251212C00111000',
        'current_price': 108.51,
        'exchange': 2,
        'expiry_date': '2025-12-12',
        'strike_price': 111.0,
        'ticker': 'GDXJ',
        'updated_at': '2026-01-06T21:03:18.151175+00:00',
      }),
      dict({
        'contract': 'GDXJ251212C00112000',
        'current_price': 108.51,
        'exchange': 2,
        'expiry_date': '2025-12-12',
        'strike_price': 112.0,
        'ticker': 'GDXJ',
        'updated_at': '2026-01-06T21:03:18.151365+00:00',
      }),
      dict({
        'contract': 'GDXJ251212C00113000',
        'current_price': 108.51,
        'exchange': 2,
        'expiry_date': '2025-12-12',
        'strike_price': 113.0,
        'ticker': 'GDXJ',
        'updated_at': '2026-01-06T21:03:18.151502+00:00',
      }),
      dict({
        'contract': 'SOXL251212C00049500',
        'current_price': 47.6323,
        'exchange': 2,
        'expiry_date': '2025-12-12',
        'strike_price': 49.5,
        'ticker': 'SOXL',
        'updated_at': '2026-01-06T21:03:18.150570+00:00',
      }),
      dict({
        'contract': 'SOXL251212C00050000',
        'current_price': 47.6323,
        'exchange': 2,
        'expiry_date': '2025-12-12',
        'strike_price': 50.0,
        'ticker': 'SOXL',
        'updated_at': '2026-01-06T21:03:18.150699+00:00',
      }),
      dict({
        'contract': 'SOXL251212C00050500',
        'current_price': 47.6323,
        'exchange': 2,
        'expiry_date': '2025-12-12',
        'strike_price': 50.5,
        'ticker': 'SOXL',
        'updated_at': '2026-01-06T21:03:18.150847+00:00',
      }),
      dict({
        'contract': 'SOXL251212C00051000',
        'current_price': 47.6323,
        'exchange': 2,
        'expiry_date': '2025-12-12',
        'strike_price': 51.0,
        'ticker': 'SOXL',
        'updated_at': '2026-01-06T21:03:18.151018+00:00',
      }),
      dict({
        'contract': 'TNA251212C00050500',
        'current_price': 48.745,
        'exchange': 2,
        'expiry_date': '2025-12-12',
        'strike_price': 50.5,
        'ticker': 'TNA',
        'updated_at': '2026-01-06T21:03:18.150861+00:00',
      }),
      dict({
        'contract': 'TNA251212C00051000',
        'current_price': 48.745,
        'exchange': 2,
        'expiry_date': '2025-12-12',
        'strike_price': 51.0,
        'ticker': 'TNA',
        'updated_at': '2026-01-06T21:03:18.151059+00:00',
      }),
      dict({
        'contract': 'UPRO251212C00119000',
        'current_price': 117.06,
        'exchange': 2,
        'expiry_date': '2025-12-12',
        'strike_price': 119.0,
        'ticker': 'UPRO',
        'updated_at': '2026-01-06T21:03:18.151135+00:00',
      }),
      dict({
        'contract': 'UPRO251212C00119500',
        'current_price': 117.06,
        'exchange': 2,
        'expiry_date': '2025-12-12',
        'strike_price': 119.5,
        'ticker': 'UPRO',
        'updated_at': '2026-01-06T21:03:18.151315+00:00',
      }),
      dict({
        'contract': 'UPRO251212C00120000',
        'current_price': 117.06,
        'exchange': 2,
        'expiry_date': '2025-12-12',
        'strike_price': 120.0,
        'ticker': 'UPRO',
        'updated_at': '2026-01-06T21:03:18.151375+00:00',
      }),
      dict({
        'contract': 'UPRO251212C00120500',
        'current_price': 117.06,
        'exchange': 2,
        'expiry_date': '2025-12-12',
        'strike_price': 120.5,
        'ticker': 'UPRO',
        'updated_at': '2026-01-06T21:03:18.151468+00:00',
      }),
      dict({
        'contract': 'XBI251212C00124000',
        'current_price': 122.1,
        'exchange': 2,
        'expiry_date': '2025-12-12',
        'strike_price': 124.0,
        'ticker': 'XBI',
        'updated_at': '2026-01-06T21:03:18.151436+00:00',
      }),
      dict({
        'contract': 'XHB251212C00106500',
        'current_price': 104.98,
        'exchange': 2,
        'expiry_date': '2025-12-12',
        'strike_price': 106.5,
        'ticker': 'XHB',
        'updated_at': '2026-01-06T21:03:18.151305+00:00',
      }),
      dict({
        'contract': 'XHB251212C00107000',
        'current_price': 104.98,
        'exchange': 2,
        'expiry_date': '2025-12-12',
        'strike_price': 107.0,
        'ticker': 'XHB',
        'updated_at': '2026-01-06T21:03:18.151426+00:00',
      }),
      dict({
        'contract': 'XLK251212C00150000',
        'current_price': 147.91,
        'exchange': 2,
        'expiry_date': '2025-12-12',
        'strike_price': 150.0,
        'ticker': 'XLK',
        'updated_at': '2026-01-06T21:03:18.151522+00:00',
      }),
      dict({
        'contract': 'XOP251212C00136000',
        'current_price': 134.44,
        'exchange': 2,
        'expiry_date': '2025-12-12',
        'strike_price': 136.0,
        'ticker': 'XOP',
        'updated_at': '2026-01-06T21:03:18.151416+00:00',
      }),
      dict({
        'contract': 'ARKK251219C00085000',
        'current_price': 82.855,
        'exchange': 2,
        'expiry_date': '2025-12-19',
        'strike_price': 85.0,
        'ticker': 'ARKK',
        'updated_at': '2026-01-06T21:03:18.150757+00:00',
      }),
      dict({
        'contract': 'ARKK251219C00086000',
        'current_price': 82.855,
        'exchange': 2,
        'expiry_date': '2025-12-19',
        'strike_price': 86.0,
        'ticker': 'ARKK',
        'updated_at': '2026-01-06T21:03:18.150958+00:00',
      }),
      dict({
        'contract': 'ARKK251219C00087000',
        'current_price': 82.855,
        'exchange': 2,
        'expiry_date': '2025-12-19',
        'strike_price': 87.0,
        'ticker': 'ARKK',
        'updated_at': '2026-01-06T21:03:18.151185+00:00',
      }),
      dict({
        'contract': 'ARKK251219C00088000',
        'current_price': 82.855,
        'exchange': 2,
        'expiry_date': '2025-12-19',
        'strike_price': 88.0,
        'ticker': 'ARKK',
        'updated_at': '2026-01-06T21:03:18.151354+00:00',
      }),
      dict({
        'contract': 'BOIL251219C00035000',
        'current_price': 33.1699,
        'exchange': 2,
        'expiry_date': '2025-12-19',
        'strike_price': 35.0,
        'ticker': 'BOIL',
        'updated_at': '2026-01-06T21:03:18.150443+00:00',
      }),
      dict({
        'contract': 'BOIL251219C00035500',
        'current_price': 33.1699,
        'exchange': 2,
        'expiry_date': '2025-12-19',
        'strike_price': 35.5,
        'ticker': 'BOIL',
        'updated_at': '2026-01-06T21:03:18.150474+00:00',
      }),
      dict({
        'contract': 'BOIL251219C00036000',
        'current_price': 33.1699,
        'exchange': 2,
        'expiry_date': '2025-12-19',
        'strike_price': 36.0,
        'ticker': 'BOIL',
        'updated_at': '2026-01-06T21:03:18.150484+00:00',
      }),
      dict({
        'contract': 'BOIL251219C00036500',
        'current_price': 33.1699,
        'exchange': 2,
        'expiry_date': '2025-12-19',
        'strike_price': 36.5,
        'ticker': 'BOIL',
        'updated_at': '2026-01-06T21:03:18.150505+00:00',
      }),
      dict({
        'contract': 'BOIL251219C00037000',
        'current_price': 33.1699,
        'exchange': 2,
        'expiry_date': '2025-12-19',
        'strike_price': 37.0,
        'ticker': 'BOIL',
        'updated_at': '2026-01-06T21:03:18.150540+00:00',
      }),
      dict({
        'contract': 'BOIL251219C00037500',
        'current_price': 33.1699,
        'exchange': 2,
        'expiry_date': '2025-12-19',
        'strike_price': 37.5,
        'ticker': 'BOIL',
        'updated_at': '2026-01-06T21:03:18.150688+00:00',
      }),
      dict({
        'contract': 'BOIL251219C00038000',
        'current_price': 33.1699,
        'exchange': 2,
        'expiry_date': '2025-12-19',
        'strike_price': 38.0,
        'ticker': 'BOIL',
        'updated_at': '2026-01-06T21:03:18.150806+00:00',
      }),
      dict({
        'contract': 'BOIL251219C00057000',
        'current_price': 33.1699,
        'exchange': 2,
        'expiry_date': '2025-12-19',
        'strike_price': 57.0,
        'ticker': 'BOIL',
        'updated_at': '2026-01-06T21:03:18.150591+00:00',
      }),
      dict({
        'contract': 'BOIL251219C00064000',
        'current_price': 33.1699,
        'exchange': 2,
        'expiry_date': '2025-12-19',
        'strike_price': 64.0,
        'ticker': 'BOIL',
        'updated_at': '2026-01-06T21:03:18.150897+00:00',
      }),
      dict({
        'contract': 'DPST251219C00105000',
        'current_price': 101.39,
        'exchange': 2,
        'expiry_date': '2025-12-19',
        'strike_price': 105.0,
        'ticker': 'DPST',
        'updated_at': '2026-01-06T21:03:18.150454+00:00',
      }),
      dict({
        'contract': 'DPST251219C00110000',
        'current_price': 101.39,
        'exchange': 2,
        'expiry_date': '2025-12-19',
        'strike_price': 110.0,
        'ticker': 'DPST',
        'updated_at': '2026-01-06T21:03:18.150612+00:00',
      }),
      dict({
        'contract': 'DPST251219C00115000',
        'current_price': 101.39,
        'exchange': 2,
        'expiry_date': '2025-12-19',
        'strike_price': 115.0,
        'ticker': 'DPST',
        'updated_at': '2026-01-06T21:03:18.151083+00:00',
      }),
      dict({
        'contract': 'GBTC251219C00076000',
        'current_price': 73.6,
        'exchange': 2,
        'expiry_date': '2025-12-19',
        'strike_price': 76.0,
        'ticker': 'GBTC',
        'updated_at': '2026-01-06T21:03:18.151250+00:00',
      }),
      dict({
        'contract': 'GBTC251219C00077000',
        'current_price': 73.6,
        'exchange': 2,
        'expiry_date': '2025-12-19',
        'strike_price': 77.0,
        'ticker': 'GBTC',
        'updated_at': '2026-01-06T21:03:18.150988+00:00',
      }),
      dict({
        'contract': 'GBTC251219C00078000',
        'current_price': 73.6,
        'exchange': 2,
        'expiry_date': '2025-12-19',
        'strike_price': 78.0,
        'ticker': 'GBTC',
        'updated_at': '2026-01-06T21:03:18.151219+00:00',
      }),
      dict({
        'contract': 'GDX251219C00084000',
        'current_price': 81.6925,
        'exchange': 2,
        'expiry_date': '2025-12-19',
        'strike_price': 84.0,
        'ticker': 'GDX',
        'updated_at': '2026-01-06T21:03:18.150837+00:00',
      }),
      dict({
        'contract': 'GDX251219C00085000',
        'current_price': 81.6925,
        'exchange': 2,
        'expiry_date': '2025-12-19',
        'strike_price': 85.0,
        'ticker': 'GDX',
        'updated_at': '2026-01-06T21:03:18.150998+00:00',
      }),
      dict({
        'contract': 'GDX251219C00086000',
        'current_price': 81.6925,
        'exchange': 2,
        'expiry_date': '2025-12-19',
        'strike_price': 86.0,
        'ticker': 'GDX',
        'updated_at': '2026-01-06T21:03:18.151195+00:00',
      }),
      dict({
        'contract': 'GDX251219C00087000',
        'current_price': 81.6925,
        'exchange': 2,
        'expiry_date': '2025-12-19',
        'strike_price': 87.0,
        'ticker': 'GDX',
        'updated_at': '2026-01-06T21:03:18.151395+00:00',
      }),
    ]),
    'error': None,
    'meta': dict({
      'pagination': None,
      'request_id': '5d6ff436-8700-40a6-8373-8b6ae032e2ce',
      'timestamp': '2026-04-06T16:24:54.887461+00:00',
      'version': 'v1',
    }),
    'success': True,
  })
# ---
